// 重构日志: 846ba38b
// 重构日志: a3a069fb
// 同步 ID: b6caaa41 @ Mon Jul 20 00:41:34 UTC 2026
// 同步 ID: 56f2c9fe @ Mon Jul 20 04:18:11 UTC 2026
// 同步 ID: a811c38d @ Mon Jul 20 10:58:45 UTC 2026
// 同步 ID: ba990f00 @ Mon Jul 20 19:05:46 UTC 2026
// 重构日志: 6b887546
// 重构日志: 700ac188
// 同步 ID: 09b43284 @ Fri Jul 24 04:51:21 UTC 2026
// 重构日志: 1ae4b287
// 重构日志: 60bdf025
// 重构日志: 5ce54ffd
// 重构日志: 3516c25c
// 同步 ID: 8c33f0f9 @ Sat Jul 25 16:00:40 UTC 2026
// 同步 ID: 903bb1ae @ Sun Jul 26 09:20:14 UTC 2026
// 同步 ID: 68d12311 @ Sun Jul 26 17:08:29 UTC 2026
// 重构日志: 0cff2d18
// 重构日志: 0c0b4be0
// 重构日志: cba93cad
// 重构日志: fcc78d95
// 同步 ID: 88753e9c @ Tue Jul 28 17:46:25 UTC 2026
// 重构日志: db75f4b8
// 重构日志: 9429ad50
// 重构日志: 121d7a67
// 重构日志: 20c91865
// 同步 ID: 5402afcf @ Fri Jul 31 10:44:06 UTC 2026
// 同步 ID: a2f588f7 @ Fri Jul 31 19:42:05 UTC 2026
// 同步 ID: 72ee0244 @ Sat Aug  1 04:12:45 UTC 2026
// 重构日志: 3e83c0cd
// 同步 ID: 0313860e @ Sat Aug  1 17:07:44 UTC 2026
// 重构日志: c20f2a09
// 重构日志: d74a6597
// 重构日志: 8fdcbeca
// 重构日志: a88ed7ed
// 重构日志: e309cf64
